Archive member included to satisfy reference by file (symbol)

D:/Cmake_Tool/arm-gnu-toolchain-15.2.rel1/bin/../lib/gcc/arm-none-eabi/15.2.1/../../../../arm-none-eabi/lib/thumb/v7-m/nofp\libg_nano.a(libc_a-exit.o)
                              D:/Cmake_Tool/arm-gnu-toolchain-15.2.rel1/bin/../lib/gcc/arm-none-eabi/15.2.1/../../../../arm-none-eabi/lib/thumb/v7-m/nofp/crt0.o (exit)
D:/Cmake_Tool/arm-gnu-toolchain-15.2.rel1/bin/../lib/gcc/arm-none-eabi/15.2.1/../../../../arm-none-eabi/lib/thumb/v7-m/nofp\libg_nano.a(libc_a-findfp.o)
                              D:/Cmake_Tool/arm-gnu-toolchain-15.2.rel1/bin/../lib/gcc/arm-none-eabi/15.2.1/../../../../arm-none-eabi/lib/thumb/v7-m/nofp\libg_nano.a(libc_a-exit.o) (__stdio_exit_handler)
D:/Cmake_Tool/arm-gnu-toolchain-15.2.rel1/bin/../lib/gcc/arm-none-eabi/15.2.1/../../../../arm-none-eabi/lib/thumb/v7-m/nofp\libg_nano.a(libc_a-fwalk.o)
                              D:/Cmake_Tool/arm-gnu-toolchain-15.2.rel1/bin/../lib/gcc/arm-none-eabi/15.2.1/../../../../arm-none-eabi/lib/thumb/v7-m/nofp\libg_nano.a(libc_a-findfp.o) (_fwalk_sglue)
D:/Cmake_Tool/arm-gnu-toolchain-15.2.rel1/bin/../lib/gcc/arm-none-eabi/15.2.1/../../../../arm-none-eabi/lib/thumb/v7-m/nofp\libg_nano.a(libc_a-stdio.o)
                              D:/Cmake_Tool/arm-gnu-toolchain-15.2.rel1/bin/../lib/gcc/arm-none-eabi/15.2.1/../../../../arm-none-eabi/lib/thumb/v7-m/nofp\libg_nano.a(libc_a-findfp.o) (__sread)
D:/Cmake_Tool/arm-gnu-toolchain-15.2.rel1/bin/../lib/gcc/arm-none-eabi/15.2.1/../../../../arm-none-eabi/lib/thumb/v7-m/nofp\libg_nano.a(libc_a-memset.o)
                              D:/Cmake_Tool/arm-gnu-toolchain-15.2.rel1/bin/../lib/gcc/arm-none-eabi/15.2.1/../../../../arm-none-eabi/lib/thumb/v7-m/nofp/crt0.o (memset)
D:/Cmake_Tool/arm-gnu-toolchain-15.2.rel1/bin/../lib/gcc/arm-none-eabi/15.2.1/../../../../arm-none-eabi/lib/thumb/v7-m/nofp\libg_nano.a(libc_a-closer.o)
                              D:/Cmake_Tool/arm-gnu-toolchain-15.2.rel1/bin/../lib/gcc/arm-none-eabi/15.2.1/../../../../arm-none-eabi/lib/thumb/v7-m/nofp\libg_nano.a(libc_a-stdio.o) (_close_r)
D:/Cmake_Tool/arm-gnu-toolchain-15.2.rel1/bin/../lib/gcc/arm-none-eabi/15.2.1/../../../../arm-none-eabi/lib/thumb/v7-m/nofp\libg_nano.a(libc_a-reent.o)
                              D:/Cmake_Tool/arm-gnu-toolchain-15.2.rel1/bin/../lib/gcc/arm-none-eabi/15.2.1/../../../../arm-none-eabi/lib/thumb/v7-m/nofp\libg_nano.a(libc_a-closer.o) (errno)
D:/Cmake_Tool/arm-gnu-toolchain-15.2.rel1/bin/../lib/gcc/arm-none-eabi/15.2.1/../../../../arm-none-eabi/lib/thumb/v7-m/nofp\libg_nano.a(libc_a-impure.o)
                              D:/Cmake_Tool/arm-gnu-toolchain-15.2.rel1/bin/../lib/gcc/arm-none-eabi/15.2.1/../../../../arm-none-eabi/lib/thumb/v7-m/nofp\libg_nano.a(libc_a-reent.o) (_impure_ptr)
D:/Cmake_Tool/arm-gnu-toolchain-15.2.rel1/bin/../lib/gcc/arm-none-eabi/15.2.1/../../../../arm-none-eabi/lib/thumb/v7-m/nofp\libg_nano.a(libc_a-lseekr.o)
                              D:/Cmake_Tool/arm-gnu-toolchain-15.2.rel1/bin/../lib/gcc/arm-none-eabi/15.2.1/../../../../arm-none-eabi/lib/thumb/v7-m/nofp\libg_nano.a(libc_a-stdio.o) (_lseek_r)
D:/Cmake_Tool/arm-gnu-toolchain-15.2.rel1/bin/../lib/gcc/arm-none-eabi/15.2.1/../../../../arm-none-eabi/lib/thumb/v7-m/nofp\libg_nano.a(libc_a-readr.o)
                              D:/Cmake_Tool/arm-gnu-toolchain-15.2.rel1/bin/../lib/gcc/arm-none-eabi/15.2.1/../../../../arm-none-eabi/lib/thumb/v7-m/nofp\libg_nano.a(libc_a-stdio.o) (_read_r)
D:/Cmake_Tool/arm-gnu-toolchain-15.2.rel1/bin/../lib/gcc/arm-none-eabi/15.2.1/../../../../arm-none-eabi/lib/thumb/v7-m/nofp\libg_nano.a(libc_a-writer.o)
                              D:/Cmake_Tool/arm-gnu-toolchain-15.2.rel1/bin/../lib/gcc/arm-none-eabi/15.2.1/../../../../arm-none-eabi/lib/thumb/v7-m/nofp\libg_nano.a(libc_a-stdio.o) (_write_r)
D:/Cmake_Tool/arm-gnu-toolchain-15.2.rel1/bin/../lib/gcc/arm-none-eabi/15.2.1/../../../../arm-none-eabi/lib/thumb/v7-m/nofp\libg_nano.a(libc_a-errno.o)
                              CMakeFiles/DEMO.dir/third_party/arm/cmsis-compiler/source/gcc/retarget_syscalls.c.obj (__errno)
D:/Cmake_Tool/arm-gnu-toolchain-15.2.rel1/bin/../lib/gcc/arm-none-eabi/15.2.1/../../../../arm-none-eabi/lib/thumb/v7-m/nofp\libg_nano.a(libc_a-init.o)
                              D:/Cmake_Tool/arm-gnu-toolchain-15.2.rel1/bin/../lib/gcc/arm-none-eabi/15.2.1/../../../../arm-none-eabi/lib/thumb/v7-m/nofp/crt0.o (__libc_init_array)
D:/Cmake_Tool/arm-gnu-toolchain-15.2.rel1/bin/../lib/gcc/arm-none-eabi/15.2.1/../../../../arm-none-eabi/lib/thumb/v7-m/nofp\libg_nano.a(libc_a-lock.o)
                              D:/Cmake_Tool/arm-gnu-toolchain-15.2.rel1/bin/../lib/gcc/arm-none-eabi/15.2.1/../../../../arm-none-eabi/lib/thumb/v7-m/nofp\libg_nano.a(libc_a-findfp.o) (__retarget_lock_init_recursive)
D:/Cmake_Tool/arm-gnu-toolchain-15.2.rel1/bin/../lib/gcc/arm-none-eabi/15.2.1/../../../../arm-none-eabi/lib/thumb/v7-m/nofp\libg_nano.a(libc_a-freer.o)
[...]
Memory Configuration

Name             Origin             Length             Attributes
FLASH            0x08000000         0x00010000         xr
RAM              0x20000000         0x00005000         xrw
*default*        0x00000000         0xffffffff

Linker script and memory map

LOAD D:/Cmake_Tool/arm-gnu-toolchain-15.2.rel1/bin/../lib/gcc/arm-none-eabi/15.2.1/thumb/v7-m/nofp/crti.o
LOAD D:/Cmake_Tool/arm-gnu-toolchain-15.2.rel1/bin/../lib/gcc/arm-none-eabi/15.2.1/thumb/v7-m/nofp/crtbegin.o
LOAD D:/Cmake_Tool/arm-gnu-toolchain-15.2.rel1/bin/../lib/gcc/arm-none-eabi/15.2.1/../../../../arm-none-eabi/lib/thumb/v7-m/nofp/crt0.o
LOAD CMakeFiles/DEMO.dir/third_party/arm/cmsis-compiler/source/gcc/retarget_syscalls.c.obj
LOAD CMakeFiles/DEMO.dir/src/app/main.c.obj
LOAD CMakeFiles/DEMO.dir/src/driver/sdk_init.c.obj
LOAD CMakeFiles/DEMO.dir/src/driver/startup_stm32f103c8t6.c.obj
LOAD CMakeFiles/DEMO.dir/src/driver/system_stm32f1xx.c.obj
LOAD CMakeFiles/DEMO.dir/third_party/st/STM32F1xx_HAL_Driver/Src/Legacy/stm32f1xx_hal_can.c.obj
LOAD CMakeFiles/DEMO.dir/third_party/st/STM32F1xx_HAL_Driver/Src/stm32f1xx_hal_adc_ex.c.obj
LOAD CMakeFiles/DEMO.dir/third_party/st/STM32F1xx_HAL_Driver/Src/stm32f1xx_hal_adc.c.obj
LOAD CMakeFiles/DEMO.dir/third_party/st/STM32F1xx_HAL_Driver/Src/stm32f1xx_hal_can.c.obj
LOAD CMakeFiles/DEMO.dir/third_party/st/STM32F1xx_HAL_Driver/Src/stm32f1xx_hal_cec.c.obj
LOAD CMakeFiles/DEMO.dir/third_party/st/STM32F1xx_HAL_Driver/Src/stm32f1xx_hal_cortex.c.obj
LOAD CMakeFiles/DEMO.dir/third_party/st/STM32F1xx_HAL_Driver/Src/stm32f1xx_hal_crc.c.obj
LOAD CMakeFiles/DEMO.dir/third_party/st/STM32F1xx_HAL_Driver/Src/stm32f1xx_hal_dac_ex.c.obj
LOAD CMakeFiles/DEMO.dir/third_party/st/STM32F1xx_HAL_Driver/Src/stm32f1xx_hal_dac.c.obj
LOAD CMakeFiles/DEMO.dir/third_party/st/STM32F1xx_HAL_Driver/Src/stm32f1xx_hal_dma.c.obj
LOAD CMakeFiles/DEMO.dir/third_party/st/STM32F1xx_HAL_Driver/Src/stm32f1xx_hal_exti.c.obj
LOAD CMakeFiles/DEMO.dir/third_party/st/STM32F1xx_HAL_Driver/Src/stm32f1xx_hal_flash_ex.c.obj
LOAD CMakeFiles/DEMO.dir/third_party/st/STM32F1xx_HAL_Driver/Src/stm32f1xx_hal_flash.c.obj
LOAD CMakeFiles/DEMO.dir/third_party/st/STM32F1xx_HAL_Driver/Src/stm32f1xx_hal_gpio_ex.c.obj
LOAD CMakeFiles/DEMO.dir/third_party/st/STM32F1xx_HAL_Driver/Src/stm32f1xx_hal_gpio.c.obj
LOAD CMakeFiles/DEMO.dir/third_party/st/STM32F1xx_HAL_Driver/Src/stm32f1xx_hal_hcd.c.obj
LOAD CMakeFiles/DEMO.dir/third_party/st/STM32F1xx_HAL_Driver/Src/stm32f1xx_hal_i2c.c.obj
LOAD CMakeFiles/DEMO.dir/third_party/st/STM32F1xx_HAL_Driver/Src/stm32f1xx_hal_iwdg.c.obj
LOAD CMakeFiles/DEMO.dir/third_party/st/STM32F1xx_HAL_Driver/Src/stm32f1xx_hal_mmc.c.obj
LOAD CMakeFiles/DEMO.dir/third_party/st/STM32F1xx_HAL_Driver/Src/stm32f1xx_hal_nand.c.obj
LOAD CMakeFiles/DEMO.dir/third_party/st/STM32F1xx_HAL_Driver/Src/stm32f1xx_hal_nor.c.obj
LOAD CMakeFiles/DEMO.dir/third_party/st/STM32F1xx_HAL_Driver/Src/stm32f1xx_hal_pcd_ex.c.obj
LOAD CMakeFiles/DEMO.dir/third_party/st/STM32F1xx_HAL_Driver/Src/stm32f1xx_hal_pcd.c.obj
LOAD CMakeFiles/DEMO.dir/third_party/st/STM32F1xx_HAL_Driver/Src/stm32f1xx_hal_pwr.c.obj
LOAD CMakeFiles/DEMO.dir/third_party/st/STM32F1xx_HAL_Driver/Src/stm32f1xx_hal_rcc_ex.c.obj
LOAD CMakeFiles/DEMO.dir/third_party/st/STM32F1xx_HAL_Driver/Src/stm32f1xx_hal_rcc.c.obj
LOAD CMakeFiles/DEMO.dir/third_party/st/STM32F1xx_HAL_Driver/Src/stm32f1xx_hal_rtc_ex.c.obj
LOAD CMakeFiles/DEMO.dir/third_party/st/STM32F1xx_HAL_Driver/Src/stm32f1xx_hal_rtc.c.obj
LOAD CMakeFiles/DEMO.dir/third_party/st/STM32F1xx_HAL_Driver/Src/stm32f1xx_hal_sd.c.obj
LOAD CMakeFiles/DEMO.dir/third_party/st/STM32F1xx_HAL_Driver/Src/stm32f1xx_hal_spi.c.obj
LOAD CMakeFiles/DEMO.dir/third_party/st/STM32F1xx_HAL_Driver/Src/stm32f1xx_hal_tim_ex.c.obj
LOAD CMakeFiles/DEMO.dir/third_party/st/STM32F1xx_HAL_Driver/Src/stm32f1xx_hal_tim.c.obj
LOAD CMakeFiles/DEMO.dir/third_party/st/STM32F1xx_HAL_Driver/Src/stm32f1xx_hal_uart.c.obj
LOAD CMakeFiles/DEMO.dir/third_party/st/STM32F1xx_HAL_Driver/Src/stm32f1xx_hal_usart.c.obj
LOAD CMakeFiles/DEMO.dir/third_party/st/STM32F1xx_HAL_Driver/Src/stm32f1xx_hal_wwdg.c.obj
LOAD CMakeFiles/DEMO.dir/third_party/st/STM32F1xx_HAL_Driver/Src/stm32f1xx_hal.c.obj
LOAD CMakeFiles/DEMO.dir/third_party/st/STM32F1xx_HAL_Driver/Src/stm32f1xx_ll_adc.c.obj
LOAD CMakeFiles/DEMO.dir/third_party/st/STM32F1xx_HAL_Driver/Src/stm32f1xx_ll_crc.c.obj
LOAD CMakeFiles/DEMO.dir/third_party/st/STM32F1xx_HAL_Driver/Src/stm32f1xx_ll_dac.c.obj
LOAD CMakeFiles/DEMO.dir/third_party/st/STM32F1xx_HAL_Driver/Src/stm32f1xx_ll_dma.c.obj
LOAD CMakeFiles/DEMO.dir/third_party/st/STM32F1xx_HAL_Driver/Src/stm32f1xx_ll_exti.c.obj
LOAD CMakeFiles/DEMO.dir/third_party/st/STM32F1xx_HAL_Driver/Src/stm32f1xx_ll_gpio.c.obj
LOAD CMakeFiles/DEMO.dir/third_party/st/STM32F1xx_HAL_Driver/Src/stm32f1xx_ll_i2c.c.obj
LOAD CMakeFiles/DEMO.dir/third_party/st/STM32F1xx_HAL_Driver/Src/stm32f1xx_ll_pwr.c.obj
LOAD CMakeFiles/DEMO.dir/third_party/st/STM32F1xx_HAL_Driver/Src/stm32f1xx_ll_rcc.c.obj
LOAD CMakeFiles/DEMO.dir/third_party/st/STM32F1xx_HAL_Driver/Src/stm32f1xx_ll_rtc.c.obj
LOAD CMakeFiles/DEMO.dir/third_party/st/STM32F1xx_HAL_Driver/Src/stm32f1xx_ll_spi.c.obj
LOAD CMakeFiles/DEMO.dir/third_party/st/STM32F1xx_HAL_Driver/Src/stm32f1xx_ll_tim.c.obj
LOAD CMakeFiles/DEMO.dir/third_party/st/STM32F1xx_HAL_Driver/Src/stm32f1xx_ll_usart.c.obj
LOAD CMakeFiles/DEMO.dir/third_party/st/STM32F1xx_HAL_Driver/Src/stm32f1xx_ll_usb.c.obj
LOAD CMakeFiles/DEMO.dir/third_party/st/STM32F1xx_HAL_Driver/Src/stm32f1xx_ll_utils.c.obj
LOAD CMakeFiles/DEMO.dir/components/BSP/oled/oled.c.obj
LOAD CMakeFiles/DEMO.dir/components/BSP/led/led.c.obj
LOAD CMakeFiles/DEMO.dir/components/BSP/key/key.c.obj
LOAD CMakeFiles/DEMO.dir/components/BSP/mycan/mycan.c.obj
START GROUP
LOAD D:/Cmake_Tool/arm-gnu-toolchain-15.2.rel1/bin/../lib/gcc/arm-none-eabi/15.2.1/thumb/v7-m/nofp\libgcc.a
LOAD D:/Cmake_Tool/arm-gnu-toolchain-15.2.rel1/bin/../lib/gcc/arm-none-eabi/15.2.1/../../../../arm-none-eabi/lib/thumb/v7-m/nofp\libg_nano.a
LOAD D:/Cmake_Tool/arm-gnu-toolchain-15.2.rel1/bin/../lib/gcc/arm-none-eabi/15.2.1/../../../../arm-none-eabi/lib/thumb/v7-m/nofp\libc_nano.a
END GROUP
START GROUP
LOAD D:/Cmake_Tool/arm-gnu-toolchain-15.2.rel1/bin/../lib/gcc/arm-none-eabi/15.2.1/thumb/v7-m/nofp\libgcc.a
LOAD D:/Cmake_Tool/arm-gnu-toolchain-15.2.rel1/bin/../lib/gcc/arm-none-eabi/15.2.1/../../../../arm-none-eabi/lib/thumb/v7-m/nofp\libc_nano.a
LOAD D:/Cmake_Tool/arm-gnu-toolchain-15.2.rel1/bin/../lib/gcc/arm-none-eabi/15.2.1/../../../../arm-none-eabi/lib/thumb/v7-m/nofp\libnosys.a
END GROUP
START GROUP
LOAD D:/Cmake_Tool/arm-gnu-toolchain-15.2.rel1/bin/../lib/gcc/arm-none-eabi/15.2.1/thumb/v7-m/nofp\libgcc.a
LOAD D:/Cmake_Tool/arm-gnu-toolchain-15.2.rel1/bin/../lib/gcc/arm-none-eabi/15.2.1/../../../../arm-none-eabi/lib/thumb/v7-m/nofp\libc_nano.a
LOAD D:/Cmake_Tool/arm-gnu-toolchain-15.2.rel1/bin/../lib/gcc/arm-none-eabi/15.2.1/../../../../arm-none-eabi/lib/thumb/v7-m/nofp\libnosys.a
END GROUP
LOAD D:/Cmake_Tool/arm-gnu-toolchain-15.2.rel1/bin/../lib/gcc/arm-none-eabi/15.2.1/thumb/v7-m/nofp/crtend.o
LOAD D:/Cmake_Tool/arm-gnu-toolchain-15.2.rel1/bin/../lib/gcc/arm-none-eabi/15.2.1/thumb/v7-m/nofp/crtn.o
                0x00000400                        __STACK_SIZE = 0x400
                0x00001000                        __HEAP_SIZE = 0x1000

.text           0x08000000     0x1854
 *(.vectors)
 .vectors       0x08000000       0xec CMakeFiles/DEMO.dir/src/driver/startup_stm32f103c8t6.c.obj
                0x08000000                __Vectors
 *(.text*)
 .text.deregister_tm_clones
                0x080000ec       0x1c D:/Cmake_Tool/arm-gnu-toolchain-15.2.rel1/bin/../lib/gcc/arm-none-eabi/15.2.1/thumb/v7-m/nofp/crtbegin.o
 .text.register_tm_clones
                0x08000108       0x24 D:/Cmake_Tool/arm-gnu-toolchain-15.2.rel1/bin/../lib/gcc/arm-none-eabi/15.2.1/thumb/v7-m/nofp/crtbegin.o
 .text.__do_global_dtors_aux
                0x0800012c       0x28 D:/Cmake_Tool/arm-gnu-toolchain-15.2.rel1/bin/../lib/gcc/arm-none-eabi/15.2.1/thumb/v7-m/nofp/crtbegin.o
 .text.frame_dummy
                0x08000154       0x24 D:/Cmake_Tool/arm-gnu-toolchain-15.2.rel1/bin/../lib/gcc/arm-none-eabi/15.2.1/thumb/v7-m/nofp/crtbegin.o
 .text          0x08000178       0x7c D:/Cmake_Tool/arm-gnu-toolchain-15.2.rel1/bin/../lib/gcc/arm-none-eabi/15.2.1/../../../../arm-none-eabi/lib/thumb/v7-m/nofp/crt0.o
                0x08000178                _stack_init
                0x08000180                _start
                0x08000180                _mainCRTStartup
 .text._exit    0x080001f4        0x4 CMakeFiles/DEMO.dir/third_party/arm/cmsis-compiler/source/gcc/retarget_syscalls.c.obj
                0x080001f4                _exit
 .text.startup.main
                0x080001f8      0x11c CMakeFiles/DEMO.dir/src/app/main.c.obj
                0x080001f8                main
 .text.SysTick_Handler
                0x08000314        0x4 CMakeFiles/DEMO.dir/src/app/main.c.obj
                0x08000314                SysTick_Handler
 .text.hardware_init_hook
                0x08000318        0x4 CMakeFiles/DEMO.dir/src/driver/sdk_init.c.obj
                0x08000318                hardware_init_hook
 .text.software_init_hook
                0x0800031c        0x4 CMakeFiles/DEMO.dir/src/driver/sdk_init.c.obj
                0x0800031c                software_init_hook
 .text.Default_Handler
                0x08000320        0x4 CMakeFiles/DEMO.dir/src/driver/startup_stm32f103c8t6.c.obj
                0x08000320                RTC_Alarm_IRQHandler
                0x08000320                EXTI2_IRQHandler
                0x08000320                DebugMon_Handler
                0x08000320                TIM1_CC_IRQHandler
                0x08000320                PVD_IRQHandler
                0x08000320                PendSV_Handler
                0x08000320                EXTI3_IRQHandler
                0x08000320                EXTI0_IRQHandler
                0x08000320                I2C2_EV_IRQHandler
                0x08000320                ADC1_2_IRQHandler
                0x08000320                SPI1_IRQHandler
                0x08000320                TAMPER_IRQHandler
                0x08000320                DMA1_Channel4_IRQHandler
                0x08000320                USART3_IRQHandler
                0x08000320                RTC_IRQHandler
                0x08000320                DMA1_Channel7_IRQHandler
                0x08000320                CAN1_RX1_IRQHandler
                0x08000320                TIM4_IRQHandler
                0x08000320                I2C1_EV_IRQHandler
                0x08000320                DMA1_Channel6_IRQHandler
                0x08000320                TIM3_IRQHandler
                0x08000320                RCC_IRQHandler
                0x08000320                TIM1_TRG_COM_IRQHandler
                0x08000320                DMA1_Channel1_IRQHandler
                0x08000320                Default_Handler
                0x08000320                EXTI15_10_IRQHandler
                0x08000320                EXTI9_5_IRQHandler
                0x08000320                SPI2_IRQHandler
                0x08000320                SVC_Handler
                0x08000320                DMA1_Channel5_IRQHandler
                0x08000320                EXTI4_IRQHandler
                0x08000320                USB_LP_CAN1_RX0_IRQHandler
                0x08000320                USB_HP_CAN1_TX_IRQHandler
                0x08000320                DMA1_Channel3_IRQHandler
                0x08000320                TIM1_UP_IRQHandler
                0x08000320                WWDG_IRQHandler
                0x08000320                TIM2_IRQHandler
                0x08000320                TIM1_BRK_IRQHandler
                0x08000320                EXTI1_IRQHandler
                0x08000320                USART2_IRQHandler
                0x08000320                I2C2_ER_IRQHandler
                0x08000320                DMA1_Channel2_IRQHandler
                0x08000320                CAN1_SCE_IRQHandler
                0x08000320                FLASH_IRQHandler
                0x08000320                USART1_IRQHandler
                0x08000320                I2C1_ER_IRQHandler
                0x08000320                USBWakeUp_IRQHandler
 .text.NMI_Handler
                0x08000324        0x4 CMakeFiles/DEMO.dir/src/driver/startup_stm32f103c8t6.c.obj
                0x08000324                NMI_Handler
 .text.HardFault_Handler
                0x08000328        0x4 CMakeFiles/DEMO.dir/src/driver/startup_stm32f103c8t6.c.obj
                0x08000328                HardFault_Handler
 .text.MemManage_Handler
                0x0800032c        0x4 CMakeFiles/DEMO.dir/src/driver/startup_stm32f103c8t6.c.obj
                0x0800032c                MemManage_Handler
 .text.BusFault_Handler
                0x08000330        0x4 CMakeFiles/DEMO.dir/src/driver/startup_stm32f103c8t6.c.obj
                0x08000330                BusFault_Handler
 .text.UsageFault_Handler
                0x08000334        0x4 CMakeFiles/DEMO.dir/src/driver/startup_stm32f103c8t6.c.obj
                0x08000334                UsageFault_Handler
 .text.Reset_Handler
                0x08000338       0x90 CMakeFiles/DEMO.dir/src/driver/startup_stm32f103c8t6.c.obj
                0x08000338                Reset_Handler
 .text.SystemInit
                0x080003c8        0x4 CMakeFiles/DEMO.dir/src/driver/system_stm32f1xx.c.obj
                0x080003c8                SystemInit
 .text.HAL_CAN_MspInit
                0x080003cc        0x4 CMakeFiles/DEMO.dir/third_party/st/STM32F1xx_HAL_Driver/Src/stm32f1xx_hal_can.c.obj
                0x080003cc                HAL_CAN_MspInit
 .text.HAL_CAN_Init
                0x080003d0      0x104 CMakeFiles/DEMO.dir/third_party/st/STM32F1xx_HAL_Driver/Src/stm32f1xx_hal_can.c.obj
                0x080003d0                HAL_CAN_Init
 .text.HAL_CAN_ConfigFilter
                0x080004d4      0x104 CMakeFiles/DEMO.dir/third_party/st/STM32F1xx_HAL_Driver/Src/stm32f1xx_hal_can.c.obj
                0x080004d4                HAL_CAN_ConfigFilter
 .text.HAL_CAN_Start
                0x080005d8       0x5c CMakeFiles/DEMO.dir/third_party/st/STM32F1xx_HAL_Driver/Src/stm32f1xx_hal_can.c.obj
                0x080005d8                HAL_CAN_Start
 .text.HAL_CAN_AddTxMessage
                0x08000634       0xb0 CMakeFiles/DEMO.dir/third_party/st/STM32F1xx_HAL_Driver/Src/stm32f1xx_hal_can.c.obj
                0x08000634                HAL_CAN_AddTxMessage
 .text.HAL_CAN_GetRxMessage
                0x080006e4      0x120 CMakeFiles/DEMO.dir/third_party/st/STM32F1xx_HAL_Driver/Src/stm32f1xx_hal_can.c.obj
                0x080006e4                HAL_CAN_GetRxMessage
 .text.HAL_CAN_GetRxFifoFillLevel
                0x08000804       0x24 CMakeFiles/DEMO.dir/third_party/st/STM32F1xx_HAL_Driver/Src/stm32f1xx_hal_can.c.obj
                0x08000804                HAL_CAN_GetRxFifoFillLevel
 .text.HAL_NVIC_SetPriorityGrouping
                0x08000828       0x24 CMakeFiles/DEMO.dir/third_party/st/STM32F1xx_HAL_Driver/Src/stm32f1xx_hal_cortex.c.obj
                0x08000828                HAL_NVIC_SetPriorityGrouping
 .text.HAL_NVIC_SetPriority
                0x0800084c       0x64 CMakeFiles/DEMO.dir/third_party/st/STM32F1xx_HAL_Driver/Src/stm32f1xx_hal_cortex.c.obj
                0x0800084c                HAL_NVIC_SetPriority
 .text.HAL_SYSTICK_Config
                0x080008b0       0x2c CMakeFiles/DEMO.dir/third_party/st/STM32F1xx_HAL_Driver/Src/stm32f1xx_hal_cortex.c.obj
                0x080008b0                HAL_SYSTICK_Config
 .text.HAL_GPIO_Init
                0x080008dc      0x21c CMakeFiles/DEMO.dir/third_party/st/STM32F1xx_HAL_Driver/Src/stm32f1xx_hal_gpio.c.obj
                0x080008dc                HAL_GPIO_Init
 .text.HAL_GPIO_ReadPin
                0x08000af8        0xc CMakeFiles/DEMO.dir/third_party/st/STM32F1xx_HAL_Driver/Src/stm32f1xx_hal_gpio.c.obj
                0x08000af8                HAL_GPIO_ReadPin
 .text.HAL_GPIO_WritePin
                0x08000b04        0x8 CMakeFiles/DEMO.dir/third_party/st/STM32F1xx_HAL_Driver/Src/stm32f1xx_hal_gpio.c.obj
                0x08000b04                HAL_GPIO_WritePin
 .text.HAL_MspInit
                0x08000b0c        0x4 CMakeFiles/DEMO.dir/third_party/st/STM32F1xx_HAL_Driver/Src/stm32f1xx_hal.c.obj
                0x08000b0c                HAL_MspInit
 .text.HAL_InitTick
                0x08000b10       0x50 CMakeFiles/DEMO.dir/third_party/st/STM32F1xx_HAL_Driver/Src/stm32f1xx_hal.c.obj
                0x08000b10                HAL_InitTick
 .text.HAL_Init
                0x08000b60       0x24 CMakeFiles/DEMO.dir/third_party/st/STM32F1xx_HAL_Driver/Src/stm32f1xx_hal.c.obj
                0x08000b60                HAL_Init
 .text.HAL_IncTick
                0x08000b84       0x18 CMakeFiles/DEMO.dir/third_party/st/STM32F1xx_HAL_Driver/Src/stm32f1xx_hal.c.obj
                0x08000b84                HAL_IncTick
 .text.HAL_GetTick
                0x08000b9c        0xc CMakeFiles/DEMO.dir/third_party/st/STM32F1xx_HAL_Driver/Src/stm32f1xx_hal.c.obj
                0x08000b9c                HAL_GetTick
 .text.HAL_Delay
                0x08000ba8       0x24 CMakeFiles/DEMO.dir/third_party/st/STM32F1xx_HAL_Driver/Src/stm32f1xx_hal.c.obj
                0x08000ba8                HAL_Delay
 .text.OLED_I2C_Init
                0x08000bcc       0x5c CMakeFiles/DEMO.dir/components/BSP/oled/oled.c.obj
                0x08000bcc                OLED_I2C_Init
 .text.OLED_I2C_Start
                0x08000c28       0x3c CMakeFiles/DEMO.dir/components/BSP/oled/oled.c.obj
                0x08000c28                OLED_I2C_Start
 .text.OLED_I2C_SendByte
                0x08000c64       0x58 CMakeFiles/DEMO.dir/components/BSP/oled/oled.c.obj
                0x08000c64                OLED_I2C_SendByte
 .text.OLED_WriteCommand
                0x08000cbc       0x48 CMakeFiles/DEMO.dir/components/BSP/oled/oled.c.obj
                0x08000cbc                OLED_WriteCommand
 .text.OLED_Clear
                0x08000d04       0x6c CMakeFiles/DEMO.dir/components/BSP/oled/oled.c.obj
                0x08000d04                OLED_Clear
 .text.OLED_ShowChar
                0x08000d70      0x104 CMakeFiles/DEMO.dir/components/BSP/oled/oled.c.obj
                0x08000d70                OLED_ShowChar
 .text.OLED_ShowString
                0x08000e74       0x24 CMakeFiles/DEMO.dir/components/BSP/oled/oled.c.obj
                0x08000e74                OLED_ShowString
 .text.OLED_ShowHexNum
                0x08000e98       0x48 CMakeFiles/DEMO.dir/components/BSP/oled/oled.c.obj
                0x08000e98                OLED_ShowHexNum
 .text.OLED_Init
                0x08000ee0       0x98 CMakeFiles/DEMO.dir/components/BSP/oled/oled.c.obj
                0x08000ee0                OLED_Init
 .text.LED_Init
                0x08000f78       0x4c CMakeFiles/DEMO.dir/components/BSP/led/led.c.obj
                0x08000f78                LED_Init
 .text.Key_Init
                0x08000fc4       0x48 CMakeFiles/DEMO.dir/components/BSP/key/key.c.obj
                0x08000fc4                Key_Init
 .text.Key_GetNum
                0x0800100c       0x6c CMakeFiles/DEMO.dir/components/BSP/key/key.c.obj
                0x0800100c                Key_GetNum
 .text.MyCAN_Init
                0x08001078       0xb4 CMakeFiles/DEMO.dir/components/BSP/mycan/mycan.c.obj
                0x08001078                MyCAN_Init
 .text.MyCAN_Transmit
                0x0800112c       0x2c CMakeFiles/DEMO.dir/components/BSP/mycan/mycan.c.obj
                0x0800112c                MyCAN_Transmit
 .text.MyCAN_ReceiveFlag
                0x08001158       0x20 CMakeFiles/DEMO.dir/components/BSP/mycan/mycan.c.obj
                0x08001158                MyCAN_ReceiveFlag
 .text.MyCAN_Receive
                0x08001178       0x34 CMakeFiles/DEMO.dir/components/BSP/mycan/mycan.c.obj
                0x08001178                MyCAN_Receive
 .text.exit     0x080011ac       0x24 D:/Cmake_Tool/arm-gnu-toolchain-15.2.rel1/bin/../lib/gcc/arm-none-eabi/15.2.1/../../../../arm-none-eabi/lib/thumb/v7-m/nofp\libg_nano.a(libc_a-exit.o)
                0x080011ac                exit
 .text.memset   0x080011d0       0x10 D:/Cmake_Tool/arm-gnu-toolchain-15.2.rel1/bin/../lib/gcc/arm-none-eabi/15.2.1/../../../../arm-none-eabi/lib/thumb/v7-m/nofp\libg_nano.a(libc_a-memset.o)
                0x080011d0                memset
 .text.__libc_init_array
                0x080011e0       0x48 D:/Cmake_Tool/arm-gnu-toolchain-15.2.rel1/bin/../lib/gcc/arm-none-eabi/15.2.1/../../../../arm-none-eabi/lib/thumb/v7-m/nofp\libg_nano.a(libc_a-init.o)
                0x080011e0                __libc_init_array
 *(.init)
 .init          0x08001228        0x4 D:/Cmake_Tool/arm-gnu-toolchain-15.2.rel1/bin/../lib/gcc/arm-none-eabi/15.2.1/thumb/v7-m/nofp/crti.o
                0x08001228                _init
 .init          0x0800122c        0x8 D:/Cmake_Tool/arm-gnu-toolchain-15.2.rel1/bin/../lib/gcc/arm-none-eabi/15.2.1/thumb/v7-m/nofp/crtn.o
 *(.fini)
 .fini          0x08001234        0x4 D:/Cmake_Tool/arm-gnu-toolchain-15.2.rel1/bin/../lib/gcc/arm-none-eabi/15.2.1/thumb/v7-m/nofp/crti.o
                0x08001234                _fini
 .fini          0x08001238        0x8 D:/Cmake_Tool/arm-gnu-toolchain-15.2.rel1/bin/../lib/gcc/arm-none-eabi/15.2.1/thumb/v7-m/nofp/crtn.o
 *crtbegin.o(.ctors)
 *crtbegin?.o(.ctors)
 *(EXCLUDE_FILE(*crtend.o *crtend?.o) .ctors)
 *(SORT_BY_NAME(.ctors.*))
 *(.ctors)
 *crtbegin.o(.dtors)
 *crtbegin?.o(.dtors)
 *(EXCLUDE_FILE(*crtend.o *crtend?.o) .dtors)
 *(SORT_BY_NAME(.dtors.*))
 *(.dtors)
 *(.rodata*)
 .rodata.main.str1.4
                0x08001240       0x1e CMakeFiles/DEMO.dir/src/app/main.c.obj
 *fill*         0x0800125e        0x2 
 .rodata.OLED_F8x16
                0x08001260      0x5f0 CMakeFiles/DEMO.dir/components/BSP/oled/oled.c.obj
                0x08001260                OLED_F8x16
 *(.eh_frame*)
 .eh_frame      0x08001850        0x0 D:/Cmake_Tool/arm-gnu-toolchain-15.2.rel1/bin/../lib/gcc/arm-none-eabi/15.2.1/thumb/v7-m/nofp/crtbegin.o
 .eh_frame      0x08001850        0x4 D:/Cmake_Tool/arm-gnu-toolchain-15.2.rel1/bin/../lib/gcc/arm-none-eabi/15.2.1/thumb/v7-m/nofp/crtend.o

.glue_7         0x08001854        0x0
 .glue_7        0x08001854        0x0 linker stubs

.glue_7t        0x08001854        0x0
 .glue_7t       0x08001854        0x0 linker stubs

.vfp11_veneer   0x08001854        0x0
 .vfp11_veneer  0x08001854        0x0 linker stubs

.v4_bx          0x08001854        0x0
 .v4_bx         0x08001854        0x0 linker stubs

.iplt           0x08001854        0x0
 .iplt          0x08001854        0x0 D:/Cmake_Tool/arm-gnu-toolchain-15.2.rel1/bin/../lib/gcc/arm-none-eabi/15.2.1/thumb/v7-m/nofp/crtbegin.o

.ARM.extab
 *(.ARM.extab* .gnu.linkonce.armextab.*)
                0x08001854                        __exidx_start = .

.ARM.exidx      0x08001854        0x8
 *(.ARM.exidx* .gnu.linkonce.armexidx.*)
 .ARM.exidx     0x08001854        0x8 D:/Cmake_Tool/arm-gnu-toolchain-15.2.rel1/bin/../lib/gcc/arm-none-eabi/15.2.1/../../../../arm-none-eabi/lib/thumb/v7-m/nofp/crt0.o
                                 0x10 (size before relaxing)
                0x0800185c                        __exidx_end = .

.rel.dyn        0x0800185c        0x0
 .rel.iplt      0x0800185c        0x0 D:/Cmake_Tool/arm-gnu-toolchain-15.2.rel1/bin/../lib/gcc/arm-none-eabi/15.2.1/thumb/v7-m/nofp/crtbegin.o

.copy.table     0x0800185c        0xc
                0x0800185c                        . = ALIGN (0x4)
                0x0800185c                        __copy_table_start__ = .
                0x0800185c        0x4 LONG 0x8001868 LOADADDR (.data)
                0x08001860        0x4 LONG 0x20000000 ADDR (.data)
                0x08001864        0x4 LONG 0x9 (SIZEOF (.data) / 0x4)
                0x08001868                        __copy_table_end__ = .

.zero.table     0x08001868        0x0
                0x08001868                        . = ALIGN (0x4)
                0x08001868                        __zero_table_start__ = .
                0x08001868                        __zero_table_end__ = .
                [!provide]                        PROVIDE (__etext = LOADADDR (.data))

.data           0x20000000       0x24 load address 0x08001868
                0x20000000                        __data_start__ = .
 *(vtable)
 *(.data)
 *(.data.*)
 .data.TxData   0x20000000        0x8 CMakeFiles/DEMO.dir/src/app/main.c.obj
                0x20000000                TxData
 .data.TxLength
                0x20000008        0x1 CMakeFiles/DEMO.dir/src/app/main.c.obj
                0x20000008                TxLength
 *fill*         0x20000009        0x3 
 .data.TxID     0x2000000c        0x4 CMakeFiles/DEMO.dir/src/app/main.c.obj
                0x2000000c                TxID
 .data.SystemCoreClock
                0x20000010        0x4 CMakeFiles/DEMO.dir/src/driver/system_stm32f1xx.c.obj
                0x20000010                SystemCoreClock
 .data.uwTickFreq
                0x20000014        0x1 CMakeFiles/DEMO.dir/third_party/st/STM32F1xx_HAL_Driver/Src/stm32f1xx_hal.c.obj
                0x20000014                uwTickFreq
 *fill*         0x20000015        0x3 
 .data.uwTickPrio
                0x20000018        0x4 CMakeFiles/DEMO.dir/third_party/st/STM32F1xx_HAL_Driver/Src/stm32f1xx_hal.c.obj
                0x20000018                uwTickPrio
                0x2000001c                        . = ALIGN (0x4)
                0x2000001c                        PROVIDE (__preinit_array_start = .)
 *(.preinit_array)
                0x2000001c                        PROVIDE (__preinit_array_end = .)
                0x2000001c                        . = ALIGN (0x4)
                0x2000001c                        PROVIDE (__init_array_start = .)
 *(SORT_BY_NAME(.init_array.*))
 *(.init_array)
 .init_array    0x2000001c        0x4 D:/Cmake_Tool/arm-gnu-toolchain-15.2.rel1/bin/../lib/gcc/arm-none-eabi/15.2.1/thumb/v7-m/nofp/crtbegin.o
                0x20000020                        PROVIDE (__init_array_end = .)
                0x20000020                        . = ALIGN (0x4)
                [!provide]                        PROVIDE (__fini_array_start = .)
 *(SORT_BY_NAME(.fini_array.*))
 *(.fini_array)
 .fini_array    0x20000020        0x4 D:/Cmake_Tool/arm-gnu-toolchain-15.2.rel1/bin/../lib/gcc/arm-none-eabi/15.2.1/thumb/v7-m/nofp/crtbegin.o
                [!provide]                        PROVIDE (__fini_array_end = .)
 *(.jcr*)
                0x20000024                        . = ALIGN (0x4)
                0x20000024                        __data_end__ = .

.tm_clone_table
                0x20000024        0x0 load address 0x0800188c
 .tm_clone_table
                0x20000024        0x0 D:/Cmake_Tool/arm-gnu-toolchain-15.2.rel1/bin/../lib/gcc/arm-none-eabi/15.2.1/thumb/v7-m/nofp/crtbegin.o
 .tm_clone_table
                0x20000024        0x0 D:/Cmake_Tool/arm-gnu-toolchain-15.2.rel1/bin/../lib/gcc/arm-none-eabi/15.2.1/thumb/v7-m/nofp/crtend.o

.igot.plt       0x20000024        0x0 load address 0x0800188c
 .igot.plt      0x20000024        0x0 D:/Cmake_Tool/arm-gnu-toolchain-15.2.rel1/bin/../lib/gcc/arm-none-eabi/15.2.1/thumb/v7-m/nofp/crtbegin.o

.bss            0x20000024       0x60
                0x20000024                        . = ALIGN (0x4)
                0x20000024                        __bss_start__ = .
 *(.bss)
 *(.bss.*)
 .bss.completed.1
                0x20000024        0x1 D:/Cmake_Tool/arm-gnu-toolchain-15.2.rel1/bin/../lib/gcc/arm-none-eabi/15.2.1/thumb/v7-m/nofp/crtbegin.o
 *fill*         0x20000025        0x3 
 .bss.object.0  0x20000028       0x18 D:/Cmake_Tool/arm-gnu-toolchain-15.2.rel1/bin/../lib/gcc/arm-none-eabi/15.2.1/thumb/v7-m/nofp/crtbegin.o
 .bss.RxData    0x20000040        0x8 CMakeFiles/DEMO.dir/src/app/main.c.obj
                0x20000040                RxData
 .bss.RxLength  0x20000048        0x1 CMakeFiles/DEMO.dir/src/app/main.c.obj
                0x20000048                RxLength
 *fill*         0x20000049        0x3 
 .bss.RxID      0x2000004c        0x4 CMakeFiles/DEMO.dir/src/app/main.c.obj
                0x2000004c                RxID
 .bss.KeyNum    0x20000050        0x1 CMakeFiles/DEMO.dir/src/app/main.c.obj
                0x20000050                KeyNum
 *fill*         0x20000051        0x3 
 .bss.uwTick    0x20000054        0x4 CMakeFiles/DEMO.dir/third_party/st/STM32F1xx_HAL_Driver/Src/stm32f1xx_hal.c.obj
                0x20000054                uwTick
 .bss.hcan1     0x20000058       0x28 CMakeFiles/DEMO.dir/components/BSP/mycan/mycan.c.obj
                0x20000058                hcan1
 .bss.__stdio_exit_handler
                0x20000080        0x4 D:/Cmake_Tool/arm-gnu-toolchain-15.2.rel1/bin/../lib/gcc/arm-none-eabi/15.2.1/../../../../arm-none-eabi/lib/thumb/v7-m/nofp\libg_nano.a(libc_a-findfp.o)
                0x20000080                __stdio_exit_handler
 *(COMMON)
                0x20000084                        . = ALIGN (0x4)
                0x20000084                        __bss_end__ = .

.heap           0x20000084     0x1004
                0x20000088                        . = ALIGN (0x8)
 *fill*         0x20000084        0x4 
                0x20000088                        __end__ = .
                0x20000088                        PROVIDE (end = .)
                0x20001088                        . = (. + __HEAP_SIZE)
 *fill*         0x20000088     0x1000 
                0x20001088                        . = ALIGN (0x8)
                0x20001088                        __HeapLimit = .

.stack          0x20004c00      0x400
                0x20004c00                        . = ALIGN (0x8)
                0x20004c00                        __StackLimit = .
                0x20005000                        . = (. + __STACK_SIZE)
 *fill*         0x20004c00      0x400 
                0x20005000                        . = ALIGN (0x8)
                0x20005000                        __StackTop = .
                0x20005000                        PROVIDE (__stack = __StackTop)
                0x00000001                        ASSERT ((__StackLimit >= __HeapLimit), region RAM overflowed with stack)
OUTPUT(DEMO.elf elf32-littlearm)
LOAD linker stubs

.ARM.attributes
                0x00000000       0x29
 .ARM.attributes
                0x00000000       0x1d D:/Cmake_Tool/arm-gnu-toolchain-15.2.rel1/bin/../lib/gcc/arm-none-eabi/15.2.1/thumb/v7-m/nofp/crti.o
 .ARM.attributes
                0x0000001d       0x2d D:/Cmake_Tool/arm-gnu-toolchain-15.2.rel1/bin/../lib/gcc/arm-none-eabi/15.2.1/thumb/v7-m/nofp/crtbegin.o
 .ARM.attributes
                0x0000004a       0x1b D:/Cmake_Tool/arm-gnu-toolchain-15.2.rel1/bin/../lib/gcc/arm-none-eabi/15.2.1/../../../../arm-none-eabi/lib/thumb/v7-m/nofp/crt0.o
 .ARM.attributes
                0x00000065       0x2d CMakeFiles/DEMO.dir/third_party/arm/cmsis-compiler/source/gcc/retarget_syscalls.c.obj
 .ARM.attributes
                0x00000092       0x2d CMakeFiles/DEMO.dir/src/app/main.c.obj
 .ARM.attributes
                0x000000bf       0x2d CMakeFiles/DEMO.dir/src/driver/sdk_init.c.obj
 .ARM.attributes
                0x000000ec       0x2d CMakeFiles/DEMO.dir/src/driver/startup_stm32f103c8t6.c.obj
 .ARM.attributes
                0x00000119       0x2d CMakeFiles/DEMO.dir/src/driver/system_stm32f1xx.c.obj
 .ARM.attributes
                0x00000146       0x2d CMakeFiles/DEMO.dir/third_party/st/STM32F1xx_HAL_Driver/Src/stm32f1xx_hal_can.c.obj
 .ARM.attributes
                0x00000173       0x2d CMakeFiles/DEMO.dir/third_party/st/STM32F1xx_HAL_Driver/Src/stm32f1xx_hal_cortex.c.obj
 .ARM.attributes
                0x000001a0       0x2d CMakeFiles/DEMO.dir/third_party/st/STM32F1xx_HAL_Driver/Src/stm32f1xx_hal_gpio.c.obj
 .ARM.attributes
                0x000001cd       0x2d CMakeFiles/DEMO.dir/third_party/st/STM32F1xx_HAL_Driver/Src/stm32f1xx_hal.c.obj
 .ARM.attributes
                0x000001fa       0x2d CMakeFiles/DEMO.dir/components/BSP/oled/oled.c.obj
 .ARM.attributes
                0x00000227       0x2d CMakeFiles/DEMO.dir/components/BSP/led/led.c.obj
 .ARM.attributes
                0x00000254       0x2d CMakeFiles/DEMO.dir/components/BSP/key/key.c.obj
 .ARM.attributes
                0x00000281       0x2d CMakeFiles/DEMO.dir/components/BSP/mycan/mycan.c.obj
 .ARM.attributes
                0x000002ae       0x2d D:/Cmake_Tool/arm-gnu-toolchain-15.2.rel1/bin/../lib/gcc/arm-none-eabi/15.2.1/../../../../arm-none-eabi/lib/thumb/v7-m/nofp\libg_nano.a(libc_a-exit.o)
 .ARM.attributes
                0x000002db       0x2d D:/Cmake_Tool/arm-gnu-toolchain-15.2.rel1/bin/../lib/gcc/arm-none-eabi/15.2.1/../../../../arm-none-eabi/lib/thumb/v7-m/nofp\libg_nano.a(libc_a-findfp.o)
 .ARM.attributes
                0x00000308       0x2d D:/Cmake_Tool/arm-gnu-toolchain-15.2.rel1/bin/../lib/gcc/arm-none-eabi/15.2.1/../../../../arm-none-eabi/lib/thumb/v7-m/nofp\libg_nano.a(libc_a-memset.o)
 .ARM.attributes
                0x00000335       0x2d D:/Cmake_Tool/arm-gnu-toolchain-15.2.rel1/bin/../lib/gcc/arm-none-eabi/15.2.1/../../../../arm-none-eabi/lib/thumb/v7-m/nofp\libg_nano.a(libc_a-init.o)
 .ARM.attributes
                0x00000362       0x2d D:/Cmake_Tool/arm-gnu-toolchain-15.2.rel1/bin/../lib/gcc/arm-none-eabi/15.2.1/thumb/v7-m/nofp/crtend.o
 .ARM.attributes
                0x0000038f       0x1d D:/Cmake_Tool/arm-gnu-toolchain-15.2.rel1/bin/../lib/gcc/arm-none-eabi/15.2.1/thumb/v7-m/nofp/crtn.o

.comment        0x00000000       0x45
 .comment       0x00000000       0x45 CMakeFiles/DEMO.dir/third_party/arm/cmsis-compiler/source/gcc/retarget_syscalls.c.obj
                                 0x46 (size before relaxing)
 .comment       0x00000045        0x0 CMakeFiles/DEMO.dir/src/app/main.c.obj
                                 0x46 (size before relaxing)
 .comment       0x00000045        0x0 CMakeFiles/DEMO.dir/src/driver/sdk_init.c.obj
                                 0x46 (size before relaxing)
 .comment       0x00000045        0x0 CMakeFiles/DEMO.dir/src/driver/startup_stm32f103c8t6.c.obj
                                 0x46 (size before relaxing)
 .comment       0x00000045        0x0 CMakeFiles/DEMO.dir/src/driver/system_stm32f1xx.c.obj
                                 0x46 (size before relaxing)
 .comment       0x00000045        0x0 CMakeFiles/DEMO.dir/third_party/st/STM32F1xx_HAL_Driver/Src/stm32f1xx_hal_can.c.obj
                                 0x46 (size before relaxing)
 .comment       0x00000045        0x0 CMakeFiles/DEMO.dir/third_party/st/STM32F1xx_HAL_Driver/Src/stm32f1xx_hal_cortex.c.obj
                                 0x46 (size before relaxing)
 .comment       0x00000045        0x0 CMakeFiles/DEMO.dir/third_party/st/STM32F1xx_HAL_Driver/Src/stm32f1xx_hal_gpio.c.obj
                                 0x46 (size before relaxing)
 .comment       0x00000045        0x0 CMakeFiles/DEMO.dir/third_party/st/STM32F1xx_HAL_Driver/Src/stm32f1xx_hal.c.obj
                                 0x46 (size before relaxing)
 .comment       0x00000045        0x0 CMakeFiles/DEMO.dir/components/BSP/oled/oled.c.obj
                                 0x46 (size before relaxing)
 .comment       0x00000045        0x0 CMakeFiles/DEMO.dir/components/BSP/led/led.c.obj
                                 0x46 (size before relaxing)
 .comment       0x00000045        0x0 CMakeFiles/DEMO.dir/components/BSP/key/key.c.obj
                                 0x46 (size before relaxing)
 .comment       0x00000045        0x0 CMakeFiles/DEMO.dir/components/BSP/mycan/mycan.c.obj
                                 0x46 (size before relaxing)

.debug_line_str
                0x00000000       0xd2
 .debug_line_str
                0x00000000       0xd2 D:/Cmake_Tool/arm-gnu-toolchain-15.2.rel1/bin/../lib/gcc/arm-none-eabi/15.2.1/../../../../arm-none-eabi/lib/thumb/v7-m/nofp/crt0.o

.debug_info     0x00000000     0x69cf
 .debug_info    0x00000000      0xd65 CMakeFiles/DEMO.dir/third_party/arm/cmsis-compiler/source/gcc/retarget_syscalls.c.obj
 .debug_info    0x00000d65      0x423 CMakeFiles/DEMO.dir/src/app/main.c.obj
 .debug_info    0x00001188      0x101 CMakeFiles/DEMO.dir/src/driver/sdk_init.c.obj
 .debug_info    0x00001289      0x333 CMakeFiles/DEMO.dir/src/driver/startup_stm32f103c8t6.c.obj
 .debug_info    0x000015bc      0x236 CMakeFiles/DEMO.dir/src/driver/system_stm32f1xx.c.obj
 .debug_info    0x000017f2     0x1150 CMakeFiles/DEMO.dir/third_party/st/STM32F1xx_HAL_Driver/Src/stm32f1xx_hal_can.c.obj
 .debug_info    0x00002942      0xd33 CMakeFiles/DEMO.dir/third_party/st/STM32F1xx_HAL_Driver/Src/stm32f1xx_hal_cortex.c.obj
 .debug_info    0x00003675      0x611 CMakeFiles/DEMO.dir/third_party/st/STM32F1xx_HAL_Driver/Src/stm32f1xx_hal_gpio.c.obj
 .debug_info    0x00003c86      0x7e2 CMakeFiles/DEMO.dir/third_party/st/STM32F1xx_HAL_Driver/Src/stm32f1xx_hal.c.obj
 .debug_info    0x00004468     0x131a CMakeFiles/DEMO.dir/components/BSP/oled/oled.c.obj
 .debug_info    0x00005782      0x3ae CMakeFiles/DEMO.dir/components/BSP/led/led.c.obj
 .debug_info    0x00005b30      0x3d2 CMakeFiles/DEMO.dir/components/BSP/key/key.c.obj
 .debug_info    0x00005f02      0xacd CMakeFiles/DEMO.dir/components/BSP/mycan/mycan.c.obj

.debug_abbrev   0x00000000     0x1baa
 .debug_abbrev  0x00000000      0x2cb CMakeFiles/DEMO.dir/third_party/arm/cmsis-compiler/source/gcc/retarget_syscalls.c.obj
 .debug_abbrev  0x000002cb      0x164 CMakeFiles/DEMO.dir/src/app/main.c.obj
 .debug_abbrev  0x0000042f       0xc3 CMakeFiles/DEMO.dir/src/driver/sdk_init.c.obj
 .debug_abbrev  0x000004f2      0x1dc CMakeFiles/DEMO.dir/src/driver/startup_stm32f103c8t6.c.obj
 .debug_abbrev  0x000006ce      0x14b CMakeFiles/DEMO.dir/src/driver/system_stm32f1xx.c.obj
 .debug_abbrev  0x00000819      0x2b1 CMakeFiles/DEMO.dir/third_party/st/STM32F1xx_HAL_Driver/Src/stm32f1xx_hal_can.c.obj
 .debug_abbrev  0x00000aca      0x35a CMakeFiles/DEMO.dir/third_party/st/STM32F1xx_HAL_Driver/Src/stm32f1xx_hal_cortex.c.obj
 .debug_abbrev  0x00000e24      0x210 CMakeFiles/DEMO.dir/third_party/st/STM32F1xx_HAL_Driver/Src/stm32f1xx_hal_gpio.c.obj
 .debug_abbrev  0x00001034      0x278 CMakeFiles/DEMO.dir/third_party/st/STM32F1xx_HAL_Driver/Src/stm32f1xx_hal.c.obj
 .debug_abbrev  0x000012ac      0x354 CMakeFiles/DEMO.dir/components/BSP/oled/oled.c.obj
 .debug_abbrev  0x00001600      0x1a5 CMakeFiles/DEMO.dir/components/BSP/led/led.c.obj
 .debug_abbrev  0x000017a5      0x1b3 CMakeFiles/DEMO.dir/components/BSP/key/key.c.obj
 .debug_abbrev  0x00001958      0x252 CMakeFiles/DEMO.dir/components/BSP/mycan/mycan.c.obj

.debug_loclists
                0x00000000     0x2396
 .debug_loclists
                0x00000000      0x340 CMakeFiles/DEMO.dir/third_party/arm/cmsis-compiler/source/gcc/retarget_syscalls.c.obj
 .debug_loclists
                0x00000340       0x70 CMakeFiles/DEMO.dir/src/driver/startup_stm32f103c8t6.c.obj
 .debug_loclists
                0x000003b0       0x9f CMakeFiles/DEMO.dir/src/driver/system_stm32f1xx.c.obj
 .debug_loclists
                0x0000044f      0xa68 CMakeFiles/DEMO.dir/third_party/st/STM32F1xx_HAL_Driver/Src/stm32f1xx_hal_can.c.obj
 .debug_loclists
                0x00000eb7      0x5e5 CMakeFiles/DEMO.dir/third_party/st/STM32F1xx_HAL_Driver/Src/stm32f1xx_hal_cortex.c.obj
 .debug_loclists
                0x0000149c      0x350 CMakeFiles/DEMO.dir/third_party/st/STM32F1xx_HAL_Driver/Src/stm32f1xx_hal_gpio.c.obj
 .debug_loclists
                0x000017ec       0xe8 CMakeFiles/DEMO.dir/third_party/st/STM32F1xx_HAL_Driver/Src/stm32f1xx_hal.c.obj
 .debug_loclists
                0x000018d4      0x99f CMakeFiles/DEMO.dir/components/BSP/oled/oled.c.obj
 .debug_loclists
                0x00002273       0x46 CMakeFiles/DEMO.dir/components/BSP/key/key.c.obj
 .debug_loclists
                0x000022b9       0xdd CMakeFiles/DEMO.dir/components/BSP/mycan/mycan.c.obj

.debug_aranges  0x00000000      0x590
 .debug_aranges
                0x00000000       0x88 CMakeFiles/DEMO.dir/third_party/arm/cmsis-compiler/source/gcc/retarget_syscalls.c.obj
 .debug_aranges
                0x00000088       0x28 CMakeFiles/DEMO.dir/src/app/main.c.obj
 .debug_aranges
                0x000000b0       0x38 CMakeFiles/DEMO.dir/src/driver/sdk_init.c.obj
 .debug_aranges
                0x000000e8       0x50 CMakeFiles/DEMO.dir/src/driver/startup_stm32f103c8t6.c.obj
 .debug_aranges
                0x00000138       0x28 CMakeFiles/DEMO.dir/src/driver/system_stm32f1xx.c.obj
 .debug_aranges
                0x00000160      0x138 CMakeFiles/DEMO.dir/third_party/st/STM32F1xx_HAL_Driver/Src/stm32f1xx_hal_can.c.obj
 .debug_aranges
                0x00000298       0x90 CMakeFiles/DEMO.dir/third_party/st/STM32F1xx_HAL_Driver/Src/stm32f1xx_hal_cortex.c.obj
 .debug_aranges
                0x00000328       0x58 CMakeFiles/DEMO.dir/third_party/st/STM32F1xx_HAL_Driver/Src/stm32f1xx_hal_gpio.c.obj
 .debug_aranges
                0x00000380       0xe0 CMakeFiles/DEMO.dir/third_party/st/STM32F1xx_HAL_Driver/Src/stm32f1xx_hal.c.obj
 .debug_aranges
                0x00000460       0x98 CMakeFiles/DEMO.dir/components/BSP/oled/oled.c.obj
 .debug_aranges
                0x000004f8       0x38 CMakeFiles/DEMO.dir/components/BSP/led/led.c.obj
 .debug_aranges
                0x00000530       0x28 CMakeFiles/DEMO.dir/components/BSP/key/key.c.obj
 .debug_aranges
                0x00000558       0x38 CMakeFiles/DEMO.dir/components/BSP/mycan/mycan.c.obj

.debug_rnglists
                0x00000000      0x552
 .debug_rnglists
                0x00000000       0x61 CMakeFiles/DEMO.dir/third_party/arm/cmsis-compiler/source/gcc/retarget_syscalls.c.obj
 .debug_rnglists
                0x00000061       0x1a CMakeFiles/DEMO.dir/src/app/main.c.obj
 .debug_rnglists
                0x0000007b       0x25 CMakeFiles/DEMO.dir/src/driver/sdk_init.c.obj
 .debug_rnglists
                0x000000a0       0x38 CMakeFiles/DEMO.dir/src/driver/startup_stm32f103c8t6.c.obj
 .debug_rnglists
                0x000000d8       0x19 CMakeFiles/DEMO.dir/src/driver/system_stm32f1xx.c.obj
 .debug_rnglists
                0x000000f1       0xea CMakeFiles/DEMO.dir/third_party/st/STM32F1xx_HAL_Driver/Src/stm32f1xx_hal_can.c.obj
 .debug_rnglists
                0x000001db       0xc4 CMakeFiles/DEMO.dir/third_party/st/STM32F1xx_HAL_Driver/Src/stm32f1xx_hal_cortex.c.obj
 .debug_rnglists
                0x0000029f       0x54 CMakeFiles/DEMO.dir/third_party/st/STM32F1xx_HAL_Driver/Src/stm32f1xx_hal_gpio.c.obj
 .debug_rnglists
                0x000002f3       0xa3 CMakeFiles/DEMO.dir/third_party/st/STM32F1xx_HAL_Driver/Src/stm32f1xx_hal.c.obj
 .debug_rnglists
                0x00000396      0x10a CMakeFiles/DEMO.dir/components/BSP/oled/oled.c.obj
 .debug_rnglists
                0x000004a0       0x3d CMakeFiles/DEMO.dir/components/BSP/led/led.c.obj
 .debug_rnglists
                0x000004dd       0x31 CMakeFiles/DEMO.dir/components/BSP/key/key.c.obj
 .debug_rnglists
                0x0000050e       0x44 CMakeFiles/DEMO.dir/components/BSP/mycan/mycan.c.obj

.debug_macro    0x00000000    0x180ac
 .debug_macro   0x00000000      0x262 CMakeFiles/DEMO.dir/third_party/arm/cmsis-compiler/source/gcc/retarget_syscalls.c.obj
 .debug_macro   0x00000262      0xade CMakeFiles/DEMO.dir/third_party/arm/cmsis-compiler/source/gcc/retarget_syscalls.c.obj
 .debug_macro   0x00000d40       0x22 CMakeFiles/DEMO.dir/third_party/arm/cmsis-compiler/source/gcc/retarget_syscalls.c.obj
 .debug_macro   0x00000d62       0x5b CMakeFiles/DEMO.dir/third_party/arm/cmsis-compiler/source/gcc/retarget_syscalls.c.obj
 .debug_macro   0x00000dbd       0x24 CMakeFiles/DEMO.dir/third_party/arm/cmsis-compiler/source/gcc/retarget_syscalls.c.obj
 .debug_macro   0x00000de1       0x94 CMakeFiles/DEMO.dir/third_party/arm/cmsis-compiler/source/gcc/retarget_syscalls.c.obj
 .debug_macro   0x00000e75       0x43 CMakeFiles/DEMO.dir/third_party/arm/cmsis-compiler/source/gcc/retarget_syscalls.c.obj
 .debug_macro   0x00000eb8       0x34 CMakeFiles/DEMO.dir/third_party/arm/cmsis-compiler/source/gcc/retarget_syscalls.c.obj
 .debug_macro   0x00000eec       0x10 CMakeFiles/DEMO.dir/third_party/arm/cmsis-compiler/source/gcc/retarget_syscalls.c.obj
 .debug_macro   0x00000efc       0x57 CMakeFiles/DEMO.dir/third_party/arm/cmsis-compiler/source/gcc/retarget_syscalls.c.obj
 .debug_macro   0x00000f53       0xdd CMakeFiles/DEMO.dir/third_party/arm/cmsis-compiler/source/gcc/retarget_syscalls.c.obj
 .debug_macro   0x00001030      0x364 CMakeFiles/DEMO.dir/third_party/arm/cmsis-compiler/source/gcc/retarget_syscalls.c.obj
 .debug_macro   0x00001394       0x10 CMakeFiles/DEMO.dir/third_party/arm/cmsis-compiler/source/gcc/retarget_syscalls.c.obj
 .debug_macro   0x000013a4       0x16 CMakeFiles/DEMO.dir/third_party/arm/cmsis-compiler/source/gcc/retarget_syscalls.c.obj
 .debug_macro   0x000013ba       0x20 CMakeFiles/DEMO.dir/third_party/arm/cmsis-compiler/source/gcc/retarget_syscalls.c.obj
 .debug_macro   0x000013da       0x34 CMakeFiles/DEMO.dir/third_party/arm/cmsis-compiler/source/gcc/retarget_syscalls.c.obj
 .debug_macro   0x0000140e       0x6a CMakeFiles/DEMO.dir/third_party/arm/cmsis-compiler/source/gcc/retarget_syscalls.c.obj
 .debug_macro   0x00001478       0x1c CMakeFiles/DEMO.dir/third_party/arm/cmsis-compiler/source/gcc/retarget_syscalls.c.obj
 .debug_macro   0x00001494       0x52 CMakeFiles/DEMO.dir/third_party/arm/cmsis-compiler/source/gcc/retarget_syscalls.c.obj
 .debug_macro   0x000014e6       0x22 CMakeFiles/DEMO.dir/third_party/arm/cmsis-compiler/source/gcc/retarget_syscalls.c.obj
 .debug_macro   0x00001508       0x10 CMakeFiles/DEMO.dir/third_party/arm/cmsis-compiler/source/gcc/retarget_syscalls.c.obj
 .debug_macro   0x00001518       0x52 CMakeFiles/DEMO.dir/third_party/arm/cmsis-compiler/source/gcc/retarget_syscalls.c.obj
 .debug_macro   0x0000156a       0xcf CMakeFiles/DEMO.dir/third_party/arm/cmsis-compiler/source/gcc/retarget_syscalls.c.obj
 .debug_macro   0x00001639       0x1c CMakeFiles/DEMO.dir/third_party/arm/cmsis-compiler/source/gcc/retarget_syscalls.c.obj
 .debug_macro   0x00001655       0x3d CMakeFiles/DEMO.dir/third_party/arm/cmsis-compiler/source/gcc/retarget_syscalls.c.obj
 .debug_macro   0x00001692       0xcc CMakeFiles/DEMO.dir/third_party/arm/cmsis-compiler/source/gcc/retarget_syscalls.c.obj
 .debug_macro   0x0000175e      0x52f CMakeFiles/DEMO.dir/third_party/arm/cmsis-compiler/source/gcc/retarget_syscalls.c.obj
 .debug_macro   0x00001c8d      0x24c CMakeFiles/DEMO.dir/third_party/arm/cmsis-compiler/source/gcc/retarget_syscalls.c.obj
 .debug_macro   0x00001ed9       0x10 CMakeFiles/DEMO.dir/third_party/arm/cmsis-compiler/source/gcc/retarget_syscalls.c.obj
 .debug_macro   0x00001ee9       0x58 CMakeFiles/DEMO.dir/third_party/arm/cmsis-compiler/source/gcc/retarget_syscalls.c.obj
 .debug_macro   0x00001f41       0x8e CMakeFiles/DEMO.dir/third_party/arm/cmsis-compiler/source/gcc/retarget_syscalls.c.obj
 .debug_macro   0x00001fcf       0x1c CMakeFiles/DEMO.dir/third_party/arm/cmsis-compiler/source/gcc/retarget_syscalls.c.obj
 .debug_macro   0x00001feb      0x17e CMakeFiles/DEMO.dir/third_party/arm/cmsis-compiler/source/gcc/retarget_syscalls.c.obj
 .debug_macro   0x00002169       0x10 CMakeFiles/DEMO.dir/third_party/arm/cmsis-compiler/source/gcc/retarget_syscalls.c.obj
 .debug_macro   0x00002179       0x3c CMakeFiles/DEMO.dir/third_party/arm/cmsis-compiler/source/gcc/retarget_syscalls.c.obj
 .debug_macro   0x000021b5       0x10 CMakeFiles/DEMO.dir/third_party/arm/cmsis-compiler/source/gcc/retarget_syscalls.c.obj
 .debug_macro   0x000021c5       0x10 CMakeFiles/DEMO.dir/third_party/arm/cmsis-compiler/source/gcc/retarget_syscalls.c.obj
 .debug_macro   0x000021d5       0x3b CMakeFiles/DEMO.dir/third_party/arm/cmsis-compiler/source/gcc/retarget_syscalls.c.obj
 .debug_macro   0x00002210      0x134 CMakeFiles/DEMO.dir/third_party/arm/cmsis-compiler/source/gcc/retarget_syscalls.c.obj
 .debug_macro   0x00002344       0x10 CMakeFiles/DEMO.dir/third_party/arm/cmsis-compiler/source/gcc/retarget_syscalls.c.obj
 .debug_macro   0x00002354       0x10 CMakeFiles/DEMO.dir/third_party/arm/cmsis-compiler/source/gcc/retarget_syscalls.c.obj
 .debug_macro   0x00002364      0x242 CMakeFiles/DEMO.dir/third_party/arm/cmsis-compiler/source/gcc/retarget_syscalls.c.obj
 .debug_macro   0x000025a6      0x103 CMakeFiles/DEMO.dir/third_party/arm/cmsis-compiler/source/gcc/retarget_syscalls.c.obj
 .debug_macro   0x000026a9      0x1df CMakeFiles/DEMO.dir/third_party/arm/cmsis-compiler/source/gcc/retarget_syscalls.c.obj
 .debug_macro   0x00002888       0x4a CMakeFiles/DEMO.dir/third_party/arm/cmsis-compiler/source/gcc/retarget_syscalls.c.obj
 .debug_macro   0x000028d2       0xc2 CMakeFiles/DEMO.dir/third_party/arm/cmsis-compiler/source/gcc/retarget_syscalls.c.obj
 .debug_macro   0x00002994       0x28 CMakeFiles/DEMO.dir/third_party/arm/cmsis-compiler/source/gcc/retarget_syscalls.c.obj
 .debug_macro   0x000029bc      0x1cf CMakeFiles/DEMO.dir/src/app/main.c.obj
 .debug_macro   0x00002b8b      0x20f CMakeFiles/DEMO.dir/src/app/main.c.obj
 .debug_macro   0x00002d9a       0x2e CMakeFiles/DEMO.dir/src/app/main.c.obj
 .debug_macro   0x00002dc8       0x22 CMakeFiles/DEMO.dir/src/app/main.c.obj
 .debug_macro   0x00002dea       0x8e CMakeFiles/DEMO.dir/src/app/main.c.obj
 .debug_macro   0x00002e78       0x51 CMakeFiles/DEMO.dir/src/app/main.c.obj
 .debug_macro   0x00002ec9       0x2e CMakeFiles/DEMO.dir/src/app/main.c.obj
 .debug_macro   0x00002ef7       0x10 CMakeFiles/DEMO.dir/src/app/main.c.obj
 .debug_macro   0x00002f07      0xeb3 CMakeFiles/DEMO.dir/src/app/main.c.obj
 .debug_macro   0x00003dba     0xe09e CMakeFiles/DEMO.dir/src/app/main.c.obj
 .debug_macro   0x00011e58       0x6d CMakeFiles/DEMO.dir/src/app/main.c.obj
 .debug_macro   0x00011ec5     0x34a2 CMakeFiles/DEMO.dir/src/app/main.c.obj
 .debug_macro   0x00015367      0x190 CMakeFiles/DEMO.dir/src/app/main.c.obj
 .debug_macro   0x000154f7       0x5c CMakeFiles/DEMO.dir/src/app/main.c.obj
 .debug_macro   0x00015553      0x5bc CMakeFiles/DEMO.dir/src/app/main.c.obj
 .debug_macro   0x00015b0f      0x289 CMakeFiles/DEMO.dir/src/app/main.c.obj
 .debug_macro   0x00015d98      0x1cb CMakeFiles/DEMO.dir/src/app/main.c.obj
 .debug_macro   0x00015f63      0x114 CMakeFiles/DEMO.dir/src/app/main.c.obj
 .debug_macro   0x00016077      0x1b2 CMakeFiles/DEMO.dir/src/app/main.c.obj
 .debug_macro   0x00016229       0x27 CMakeFiles/DEMO.dir/src/app/main.c.obj
 .debug_macro   0x00016250      0x136 CMakeFiles/DEMO.dir/src/app/main.c.obj
 .debug_macro   0x00016386      0x1bc CMakeFiles/DEMO.dir/src/app/main.c.obj
 .debug_macro   0x00016542       0x34 CMakeFiles/DEMO.dir/src/app/main.c.obj
 .debug_macro   0x00016576       0x3c CMakeFiles/DEMO.dir/src/app/main.c.obj
 .debug_macro   0x000165b2      0x408 CMakeFiles/DEMO.dir/src/app/main.c.obj
 .debug_macro   0x000169ba       0x57 CMakeFiles/DEMO.dir/src/app/main.c.obj
 .debug_macro   0x00016a11       0x87 CMakeFiles/DEMO.dir/src/app/main.c.obj
 .debug_macro   0x00016a98      0x240 CMakeFiles/DEMO.dir/src/app/main.c.obj
 .debug_macro   0x00016cd8      0x140 CMakeFiles/DEMO.dir/src/app/main.c.obj
 .debug_macro   0x00016e18       0x83 CMakeFiles/DEMO.dir/src/app/main.c.obj
 .debug_macro   0x00016e9b      0x1a7 CMakeFiles/DEMO.dir/src/driver/sdk_init.c.obj
 .debug_macro   0x00017042       0x8f CMakeFiles/DEMO.dir/src/driver/startup_stm32f103c8t6.c.obj
 .debug_macro   0x000170d1       0x44 CMakeFiles/DEMO.dir/src/driver/startup_stm32f103c8t6.c.obj
 .debug_macro   0x00017115      0x1a7 CMakeFiles/DEMO.dir/src/driver/system_stm32f1xx.c.obj
 .debug_macro   0x000172bc      0x1b6 CMakeFiles/DEMO.dir/third_party/st/STM32F1xx_HAL_Driver/Src/stm32f1xx_hal_can.c.obj
 .debug_macro   0x00017472      0x1a7 CMakeFiles/DEMO.dir/third_party/st/STM32F1xx_HAL_Driver/Src/stm32f1xx_hal_cortex.c.obj
 .debug_macro   0x00017619      0x212 CMakeFiles/DEMO.dir/third_party/st/STM32F1xx_HAL_Driver/Src/stm32f1xx_hal_gpio.c.obj
 .debug_macro   0x0001782b      0x1cb CMakeFiles/DEMO.dir/third_party/st/STM32F1xx_HAL_Driver/Src/stm32f1xx_hal.c.obj
 .debug_macro   0x000179f6      0x1bd CMakeFiles/DEMO.dir/components/BSP/oled/oled.c.obj
 .debug_macro   0x00017bb3      0x1a7 CMakeFiles/DEMO.dir/components/BSP/led/led.c.obj
 .debug_macro   0x00017d5a      0x1a7 CMakeFiles/DEMO.dir/components/BSP/key/key.c.obj
 .debug_macro   0x00017f01      0x1ab CMakeFiles/DEMO.dir/components/BSP/mycan/mycan.c.obj

.debug_line     0x00000000     0x790c
 .debug_line    0x00000000      0x849 CMakeFiles/DEMO.dir/third_party/arm/cmsis-compiler/source/gcc/retarget_syscalls.c.obj
 .debug_line    0x00000849      0x7b5 CMakeFiles/DEMO.dir/src/app/main.c.obj
 .debug_line    0x00000ffe      0x62c CMakeFiles/DEMO.dir/src/driver/sdk_init.c.obj
 .debug_line    0x0000162a      0x465 CMakeFiles/DEMO.dir/src/driver/startup_stm32f103c8t6.c.obj
 .debug_line    0x00001a8f      0x693 CMakeFiles/DEMO.dir/src/driver/system_stm32f1xx.c.obj
 .debug_line    0x00002122     0x1662 CMakeFiles/DEMO.dir/third_party/st/STM32F1xx_HAL_Driver/Src/stm32f1xx_hal_can.c.obj
 .debug_line    0x00003784      0xb51 CMakeFiles/DEMO.dir/third_party/st/STM32F1xx_HAL_Driver/Src/stm32f1xx_hal_cortex.c.obj
 .debug_line    0x000042d5      0xa36 CMakeFiles/DEMO.dir/third_party/st/STM32F1xx_HAL_Driver/Src/stm32f1xx_hal_gpio.c.obj
 .debug_line    0x00004d0b      0x98e CMakeFiles/DEMO.dir/third_party/st/STM32F1xx_HAL_Driver/Src/stm32f1xx_hal.c.obj
 .debug_line    0x00005699      0xd68 CMakeFiles/DEMO.dir/components/BSP/oled/oled.c.obj
 .debug_line    0x00006401      0x69f CMakeFiles/DEMO.dir/components/BSP/led/led.c.obj
 .debug_line    0x00006aa0      0x6e3 CMakeFiles/DEMO.dir/components/BSP/key/key.c.obj
 .debug_line    0x00007183      0x789 CMakeFiles/DEMO.dir/components/BSP/mycan/mycan.c.obj

.debug_str      0x00000000    0x8564f
 .debug_str     0x00000000    0x8564f CMakeFiles/DEMO.dir/third_party/arm/cmsis-compiler/source/gcc/retarget_syscalls.c.obj
                               0xabca (size before relaxing)
 .debug_str     0x0008564f        0x0 CMakeFiles/DEMO.dir/src/app/main.c.obj
                              0x7df68 (size before relaxing)
 .debug_str     0x0008564f        0x0 CMakeFiles/DEMO.dir/src/driver/sdk_init.c.obj
                              0x7de92 (size before relaxing)
 .debug_str     0x0008564f        0x0 CMakeFiles/DEMO.dir/src/driver/startup_stm32f103c8t6.c.obj
                               0x49f1 (size before relaxing)
 .debug_str     0x0008564f        0x0 CMakeFiles/DEMO.dir/src/driver/system_stm32f1xx.c.obj
                              0x7dee9 (size before relaxing)
 .debug_str     0x0008564f        0x0 CMakeFiles/DEMO.dir/third_party/st/STM32F1xx_HAL_Driver/Src/stm32f1xx_hal_can.c.obj
                              0x7e6fc (size before relaxing)
 .debug_str     0x0008564f        0x0 CMakeFiles/DEMO.dir/third_party/st/STM32F1xx_HAL_Driver/Src/stm32f1xx_hal_cortex.c.obj
                              0x7e58e (size before relaxing)
 .debug_str     0x0008564f        0x0 CMakeFiles/DEMO.dir/third_party/st/STM32F1xx_HAL_Driver/Src/stm32f1xx_hal_gpio.c.obj
                              0x7e274 (size before relaxing)
 .debug_str     0x0008564f        0x0 CMakeFiles/DEMO.dir/third_party/st/STM32F1xx_HAL_Driver/Src/stm32f1xx_hal.c.obj
                              0x7e621 (size before relaxing)
 .debug_str     0x0008564f        0x0 CMakeFiles/DEMO.dir/components/BSP/oled/oled.c.obj
                              0x7e126 (size before relaxing)
 .debug_str     0x0008564f        0x0 CMakeFiles/DEMO.dir/components/BSP/led/led.c.obj
                              0x7df52 (size before relaxing)
 .debug_str     0x0008564f        0x0 CMakeFiles/DEMO.dir/components/BSP/key/key.c.obj
                              0x7df53 (size before relaxing)
 .debug_str     0x0008564f        0x0 CMakeFiles/DEMO.dir/components/BSP/mycan/mycan.c.obj
                              0x7e3a6 (size before relaxing)

.debug_frame    0x00000000      0xe6c
 .debug_frame   0x00000000      0x154 CMakeFiles/DEMO.dir/third_party/arm/cmsis-compiler/source/gcc/retarget_syscalls.c.obj
 .debug_frame   0x00000154       0x38 CMakeFiles/DEMO.dir/src/app/main.c.obj
 .debug_frame   0x0000018c       0x50 CMakeFiles/DEMO.dir/src/driver/sdk_init.c.obj
 .debug_frame   0x000001dc       0x88 CMakeFiles/DEMO.dir/src/driver/startup_stm32f103c8t6.c.obj
 .debug_frame   0x00000264       0x30 CMakeFiles/DEMO.dir/src/driver/system_stm32f1xx.c.obj
 .debug_frame   0x00000294      0x2e4 CMakeFiles/DEMO.dir/third_party/st/STM32F1xx_HAL_Driver/Src/stm32f1xx_hal_can.c.obj
 .debug_frame   0x00000578      0x118 CMakeFiles/DEMO.dir/third_party/st/STM32F1xx_HAL_Driver/Src/stm32f1xx_hal_cortex.c.obj
 .debug_frame   0x00000690       0xec CMakeFiles/DEMO.dir/third_party/st/STM32F1xx_HAL_Driver/Src/stm32f1xx_hal_gpio.c.obj
 .debug_frame   0x0000077c      0x1dc CMakeFiles/DEMO.dir/third_party/st/STM32F1xx_HAL_Driver/Src/stm32f1xx_hal.c.obj
 .debug_frame   0x00000958      0x214 CMakeFiles/DEMO.dir/components/BSP/oled/oled.c.obj
 .debug_frame   0x00000b6c       0x74 CMakeFiles/DEMO.dir/components/BSP/led/led.c.obj
 .debug_frame   0x00000be0       0x4c CMakeFiles/DEMO.dir/components/BSP/key/key.c.obj
 .debug_frame   0x00000c2c       0x88 CMakeFiles/DEMO.dir/components/BSP/mycan/mycan.c.obj
 .debug_frame   0x00000cb4       0x28 D:/Cmake_Tool/arm-gnu-toolchain-15.2.rel1/bin/../lib/gcc/arm-none-eabi/15.2.1/../../../../arm-none-eabi/lib/thumb/v7-m/nofp\libg_nano.a(libc_a-exit.o)
 .debug_frame   0x00000cdc      0x144 D:/Cmake_Tool/arm-gnu-toolchain-15.2.rel1/bin/../lib/gcc/arm-none-eabi/15.2.1/../../../../arm-none-eabi/lib/thumb/v7-m/nofp\libg_nano.a(libc_a-findfp.o)
 .debug_frame   0x00000e20       0x20 D:/Cmake_Tool/arm-gnu-toolchain-15.2.rel1/bin/../lib/gcc/arm-none-eabi/15.2.1/../../../../arm-none-eabi/lib/thumb/v7-m/nofp\libg_nano.a(libc_a-memset.o)
 .debug_frame   0x00000e40       0x2c D:/Cmake_Tool/arm-gnu-toolchain-15.2.rel1/bin/../lib/gcc/arm-none-eabi/15.2.1/../../../../arm-none-eabi/lib/thumb/v7-m/nofp\libg_nano.a(libc_a-init.o)
